###############################################################################
#
# IAR ELF Linker V3.11.1.207 for STM8                     26/Mar/2022  00:35:15
# Copyright 2010-2019 IAR Systems AB.
#
#    Output file  =  
#        D:\Hoc\STM\STM8\Projects\NRF24L01_STD_Lib\Debug\Exe\NRF24L01_STD_Lib.out
#    Map file     =  
#        D:\Hoc\STM\STM8\Projects\NRF24L01_STD_Lib\Debug\List\NRF24L01_STD_Lib.map
#    Command line =  
#        -f C:\Users\hieun\AppData\Local\Temp\EW1A2C.tmp
#        (D:\Hoc\STM\STM8\Projects\NRF24L01_STD_Lib\Debug\Obj\main.o
#        D:\Hoc\STM\STM8\Projects\NRF24L01_STD_Lib\Debug\Obj\RF24.o
#        D:\Hoc\STM\STM8\Projects\NRF24L01_STD_Lib\Debug\Obj\stm8s_clk.o
#        D:\Hoc\STM\STM8\Projects\NRF24L01_STD_Lib\Debug\Obj\stm8s_gpio.o
#        D:\Hoc\STM\STM8\Projects\NRF24L01_STD_Lib\Debug\Obj\stm8s_it.o
#        D:\Hoc\STM\STM8\Projects\NRF24L01_STD_Lib\Debug\Obj\stm8s_itc.o
#        D:\Hoc\STM\STM8\Projects\NRF24L01_STD_Lib\Debug\Obj\stm8s_iwdg.o
#        D:\Hoc\STM\STM8\Projects\NRF24L01_STD_Lib\Debug\Obj\stm8s_rst.o
#        D:\Hoc\STM\STM8\Projects\NRF24L01_STD_Lib\Debug\Obj\stm8s_spi.o
#        D:\Hoc\STM\STM8\Projects\NRF24L01_STD_Lib\Debug\Obj\stm8s_tim2.o
#        --redirect _Printf=_PrintfSmall --redirect _Scanf=_ScanfSmall
#        --no_out_extension -o
#        D:\Hoc\STM\STM8\Projects\NRF24L01_STD_Lib\Debug\Exe\NRF24L01_STD_Lib.out
#        --map
#        D:\Hoc\STM\STM8\Projects\NRF24L01_STD_Lib\Debug\List\NRF24L01_STD_Lib.map
#        --config "C:\Program Files (x86)\IAR Systems\Embedded Workbench
#        8.3\stm8\config\lnkstm8s103f3.icf" --config_def _CSTACK_SIZE=0x100
#        --config_def _HEAP_SIZE=0x100 --entry __iar_program_start --debug_lib)
#
###############################################################################

*******************************************************************************
*** RUNTIME MODEL ATTRIBUTES
***

__SystemLibrary            = DLib
__code_model               = small
__core                     = stm8
__data_model               = medium
__dlib_file_descriptor     = 0
__dlib_full_locale_support = 0
__rt_version               = 4


*******************************************************************************
*** PLACEMENT SUMMARY
***

"A0":  place at start of [0x000000-0x0000ff] { rw section .vregs };
"A1":  place at end of [0x000000-0x0003ff] { block CSTACK };
"P2":  place in [from 0x000000 to 0x0003ff] {
          block HEAP, rw section __DLIB_PERTHREAD, rw section .far.bss,
          rw section .far.data, rw section .far.noinit,
          rw section .far_func.textrw, rw section .huge.bss,
          rw section .huge.data, rw section .huge.noinit,
          rw section .huge_func.textrw, rw section .iar.dynexit,
          rw section .near.bss, rw section .near.data, rw section .near.noinit,
          rw section .near_func.textrw };
"A2":  place at start of [0x008000-0x009fff] { block INTVEC };
"P3":  place in [from 0x008000 to 0x009fff] {
          ro section __DLIB_PERTHREAD_init, ro section .far.data_init,
          ro section .far_func.textrw_init, ro section .huge.data_init,
          ro section .huge_func.textrw_init, ro section .iar.init_table,
          ro section .init_array, ro section .near.data_init,
          ro section .near.rodata, ro section .near_func.text,
          ro section .near_func.textrw_init, ro section .tiny.data_init,
          ro section .tiny.rodata_init };
"P4":  place in [from 0x008000 to 0x009fff] {
          ro section .far.rodata, ro section .far_func.text };
"P5":  place in [from 0x008000 to 0x009fff] {
          ro section .huge.rodata, ro section .huge_func.text };
do not initialize {
   rw section .eeprom.noinit, rw section .far.noinit, rw section .huge.noinit,
   rw section .near.noinit, rw section .tiny.noinit, rw section .vregs };

No sections matched the following patterns:

  ro section .far.data_init          in "P3-P5"
  ro section .far.rodata             in "P3-P5"
  ro section .far_func.text          in "P3-P5"
  ro section .far_func.textrw_init   in "P3-P5"
  ro section .huge.data_init         in "P3-P5"
  ro section .huge.rodata            in "P3-P5"
  ro section .huge_func.text         in "P3-P5"
  ro section .huge_func.textrw_init  in "P3-P5"
  ro section .iar.init_table         in "P3-P5"
  ro section .near.data_init         in "P3-P5"
  ro section .near_func.textrw_init  in "P3-P5"
  ro section .tiny.data_init         in "P3-P5"
  ro section .tiny.rodata_init       in "P3-P5"
  ro section __DLIB_PERTHREAD_init   in "P3-P5"
  rw section .far.bss                in "P2"
  rw section .far.data               in "P2"
  rw section .far.noinit             in "P2"
  rw section .far_func.textrw        in "P2"
  rw section .huge.bss               in "P2"
  rw section .huge.data              in "P2"
  rw section .huge.noinit            in "P2"
  rw section .huge_func.textrw       in "P2"
  rw section .iar.dynexit            in "P2"
  rw section .near.data              in "P2"
  rw section .near.noinit            in "P2"
  rw section .near_func.textrw       in "P2"
  rw section .tiny.bss               in "P1"
  rw section .tiny.data              in "P1"
  rw section .tiny.noinit            in "P1"
  rw section .tiny.rodata            in "P1"
  rw section __DLIB_PERTHREAD        in "P2"
  section .eeprom.data               in "P6-P8"
  section .eeprom.noinit             in "P6-P8"
  section .eeprom.rodata             in "P6-P8"


  Section             Kind      Address    Size  Object
  -------             ----      -------    ----  ------
"A0":                                      0x10
  .vregs              uninit   0x000000    0x10  vregs.o [4]
                             - 0x000010    0x10

"P2":                                      0x12
  .near.bss           zero     0x000010     0xa  main.o [1]
  .near.bss           zero     0x00001a     0x4  main.o [1]
  .near.bss           zero     0x00001e     0x4  main.o [1]
                             - 0x000022    0x12

"A1":                                     0x100
  CSTACK                       0x000300   0x100  <Block>
    CSTACK            uninit   0x000300   0x100  <Block tail>
                             - 0x000400   0x100

"A2":                                      0x80
  INTVEC                       0x008000    0x80  <Block>
    .intvec           const    0x008000    0x80  interrupt.o [4]
                             - 0x008080    0x80

"P3-P5":                                 0x10f3
  .near_func.text     ro code  0x008080   0x510  RF24.o [1]
  .near_func.text     ro code  0x008590   0x13f  stm8s_spi.o [1]
  .near_func.text     ro code  0x0086cf   0x12d  stm8s_clk.o [1]
  .near_func.text     ro code  0x0087fc   0x126  main.o [1]
  .near_func.text     ro code  0x008922   0x110  stm8s_gpio.o [1]
  .near_func.text     ro code  0x008a32    0xbb  vreg_util.o [4]
  .near_func.text     ro code  0x008aed    0x66  stm8s_spi.o [1]
  .near_func.text     ro code  0x008b53    0x59  stm8s_tim2.o [1]
  .near_func.text     ro code  0x008bac    0x56  stm8s_spi.o [1]
  .near_func.text     ro code  0x008c02    0x54  stm8s_tim2.o [1]
  .near_func.text     ro code  0x008c56    0x43  RF24.o [1]
  .near_func.text     ro code  0x008c99    0x40  long.o [4]
  .near_func.text     ro code  0x008cd9    0x3d  stm8s_clk.o [1]
  .near.rodata        const    0x008d16    0x3b  stm8s_gpio.o [1]
  .near.rodata        const    0x008d51    0x3b  stm8s_tim2.o [1]
  .near_func.text     ro code  0x008d8c    0x3b  RF24.o [1]
  .near_func.text     ro code  0x008dc7    0x3b  long_util.o [4]
  .near.rodata        const    0x008e02    0x3a  stm8s_clk.o [1]
  .near.rodata        const    0x008e3c    0x3a  stm8s_spi.o [1]
  .near_func.text     ro code  0x008e76    0x36  stm8s_clk.o [1]
  .near_func.text     ro code  0x008eac    0x2f  stm8s_tim2.o [1]
  .near_func.text     ro code  0x008edb    0x2d  RF24.o [1]
  .near_func.text     ro code  0x008f08    0x2c  main.o [1]
  .near_func.text     ro code  0x008f34    0x28  main.o [1]
  .near_func.text     ro code  0x008f5c    0x23  main.o [1]
  .iar.init_table     const    0x008f7f     0x8  - Linker created -
  .near_func.text     ro code  0x008f87    0x1f  memcpy.o [4]
  .near_func.text     ro code  0x008fa6    0x1e  init_small.o [4]
  .near_func.text     ro code  0x008fc4    0x1d  main.o [1]
  .near_func.text     ro code  0x008fe1    0x1d  cstartup.o [4]
  .near_func.text     ro code  0x008ffe    0x1d  cppinit.o [4]
  .near_func.text     ro code  0x00901b    0x1b  RF24.o [1]
  .near_func.text     ro code  0x009036    0x1a  stm8s_it.o [1]
  .near_func.text     ro code  0x009050    0x19  main.o [1]
  .near_func.text     ro code  0x009069    0x15  stm8s_spi.o [1]
  .near_func.text     ro code  0x00907e    0x14  main.o [1]
  .near_func.text     ro code  0x009092    0x14  init.o [4]
  .near_func.text     ro code  0x0090a6    0x14  __dbg_xxexit.o [3]
  .near_func.text     ro code  0x0090ba    0x13  main.o [1]
  .near_func.text     ro code  0x0090cd    0x13  main.o [1]
  .near_func.text     ro code  0x0090e0     0xd  move.o [4]
  .near.rodata        const    0x0090ed     0xc  main.o [1]
  .near_func.text     ro code  0x0090f9     0xc  main.o [1]
  .near_func.text     ro code  0x009105     0xc  stm8s_tim2.o [1]
  .near_func.text     ro code  0x009111     0x8  short.o [4]
  .near_func.text     ro code  0x009119     0x7  main.o [1]
  .near_func.text     ro code  0x009120     0x7  stm8s_gpio.o [1]
  .near_func.text     ro code  0x009127     0x7  stm8s_gpio.o [1]
  .near.rodata        const    0x00912e     0x6  RF24.o [1]
  .near.rodata        const    0x009134     0x6  RF24.o [1]
  .near.rodata        const    0x00913a     0x6  RF24.o [1]
  .near_func.text     ro code  0x009140     0x5  cexit.o [4]
  .near_func.text     ro code  0x009145     0x4  stm8s_gpio.o [1]
  .near_func.text     ro code  0x009149     0x3  RF24.o [1]
  .near_func.text     ro code  0x00914c     0x3  RF24.o [1]
  .near_func.text     ro code  0x00914f     0x3  interrupt.o [4]
  .near_func.text     ro code  0x009152     0x3  low_level_init.o [4]
  .near_func.text     ro code  0x009155     0x3  exit.o [4]
  .near_func.text     ro code  0x009158     0x3  unhandled_exception.o [4]
  .near_func.text     ro code  0x00915b     0x2  main.o [1]
  SHT$$PREINIT_ARRAY           0x00915d     0x0  <Block>
  SHT$$INIT_ARRAY              0x00915d     0x2  <Block>
    .difunct          const    0x00915d     0x2  main.o [1]
  .near_func.text     ro code  0x00915f     0x1  stm8s_it.o [1]
  .near_func.text     ro code  0x009160     0x1  stm8s_it.o [1]
  .near_func.text     ro code  0x009161     0x1  stm8s_it.o [1]
  .near_func.text     ro code  0x009162     0x1  stm8s_it.o [1]
  .near_func.text     ro code  0x009163     0x1  stm8s_it.o [1]
  .near_func.text     ro code  0x009164     0x1  stm8s_it.o [1]
  .near_func.text     ro code  0x009165     0x1  stm8s_it.o [1]
  .near_func.text     ro code  0x009166     0x1  stm8s_it.o [1]
  .near_func.text     ro code  0x009167     0x1  stm8s_it.o [1]
  .near_func.text     ro code  0x009168     0x1  stm8s_it.o [1]
  .near_func.text     ro code  0x009169     0x1  stm8s_it.o [1]
  .near_func.text     ro code  0x00916a     0x1  stm8s_it.o [1]
  .near_func.text     ro code  0x00916b     0x1  stm8s_it.o [1]
  .near_func.text     ro code  0x00916c     0x1  stm8s_it.o [1]
  .near_func.text     ro code  0x00916d     0x1  stm8s_it.o [1]
  .near_func.text     ro code  0x00916e     0x1  stm8s_it.o [1]
  .near_func.text     ro code  0x00916f     0x1  stm8s_it.o [1]
  .near_func.text     ro code  0x009170     0x1  stm8s_it.o [1]
  .near_func.text     ro code  0x009171     0x1  stm8s_it.o [1]
  .near_func.text     ro code  0x009172     0x1  __dbg_break.o [3]
                             - 0x009173  0x10f3


*******************************************************************************
*** INIT TABLE
***

          Address   Size
          -------   ----
Zero (__iar_zero_init2)
    1 destination range, total size 0x12:
          0x000010  0x12



*******************************************************************************
*** MODULE SUMMARY
***

    Module                 ro code  ro data  rw data
    ------                 -------  -------  -------
D:\Hoc\STM\STM8\Projects\NRF24L01_STD_Lib\Debug\Obj: [1]
    RF24.o                   1 500       18
    main.o                     546       14       18
    stm8s_clk.o                416       58
    stm8s_gpio.o               290       59
    stm8s_it.o                  45
    stm8s_spi.o                528       58
    stm8s_tim2.o               232       59
    ------------------------------------------------
    Total:                   3 557      266       18

command line: [2]
    ------------------------------------------------
    Total:

dbgstm8smd.a: [3]
    __dbg_break.o                1
    __dbg_xxexit.o              20
    ------------------------------------------------
    Total:                      21

dlstm8smn.a: [4]
    cexit.o                      5
    cppinit.o                   29
    cstartup.o                  29
    exit.o                       3
    init.o                      20
    init_small.o                30
    interrupt.o                  3      128
    long.o                      64
    long_util.o                 59
    low_level_init.o             3
    memcpy.o                    31
    move.o                      13
    short.o                      8
    unhandled_exception.o        3
    vreg_util.o                187
    vregs.o                                       16
    ------------------------------------------------
    Total:                     487      128       16

    Linker created                        8      256
----------------------------------------------------
    Grand Total:             4 065      402      290


*******************************************************************************
*** ENTRY LIST
***

Entry                    Address   Size  Type      Object
-----                    -------   ----  ----      ------
.iar.init_table$$Base   0x008f7f          --   Gb  - Linker created -
.iar.init_table$$Limit  0x008f87          --   Gb  - Linker created -
??call_ctors            0x008fee         Code  Gb  cstartup.o [4]
?add32_l0_l0_0x         0x008cb1         Code  Gb  long.o [4]
?b0                     0x000000         Data  Gb  vregs.o [4]
?b1                     0x000001         Data  Gb  vregs.o [4]
?b10                    0x00000a         Data  Gb  vregs.o [4]
?b11                    0x00000b         Data  Gb  vregs.o [4]
?b12                    0x00000c         Data  Gb  vregs.o [4]
?b13                    0x00000d         Data  Gb  vregs.o [4]
?b14                    0x00000e         Data  Gb  vregs.o [4]
?b15                    0x00000f         Data  Gb  vregs.o [4]
?b2                     0x000002         Data  Gb  vregs.o [4]
?b3                     0x000003         Data  Gb  vregs.o [4]
?b4                     0x000004         Data  Gb  vregs.o [4]
?b5                     0x000005         Data  Gb  vregs.o [4]
?b6                     0x000006         Data  Gb  vregs.o [4]
?b7                     0x000007         Data  Gb  vregs.o [4]
?b8                     0x000008         Data  Gb  vregs.o [4]
?b9                     0x000009         Data  Gb  vregs.o [4]
?e0                     0x000001         Data  Gb  vregs.o [4]
?e1                     0x000005         Data  Gb  vregs.o [4]
?e2                     0x000009         Data  Gb  vregs.o [4]
?e3                     0x00000d         Data  Gb  vregs.o [4]
?epilogue_l2            0x008abd         Code  Gb  vreg_util.o [4]
?epilogue_l2_l3         0x008aba         Code  Gb  vreg_util.o [4]
?epilogue_l2_w6         0x008ac1         Code  Gb  vreg_util.o [4]
?epilogue_w4            0x008ac8         Code  Gb  vreg_util.o [4]
?inc32_0x_0x            0x008ca3         Code  Gb  long.o [4]
?inc32_l0_l0            0x008c99         Code  Gb  long.o [4]
?inc32_l2_l2            0x008c9e         Code  Gb  long.o [4]
?l0                     0x000000         Data  Gb  vregs.o [4]
?l1                     0x000004         Data  Gb  vregs.o [4]
?l2                     0x000008         Data  Gb  vregs.o [4]
?l3                     0x00000c         Data  Gb  vregs.o [4]
?load32_0x_l0           0x008df4         Code  Gb  long_util.o [4]
?load32_asp_l0          0x008de8         Code  Gb  long_util.o [4]
?load32_dbsp_l0         0x008de3         Code  Gb  long_util.o [4]
?load32_l0_0x           0x008dd7         Code  Gb  long_util.o [4]
?load32_l0_asp          0x008dcc         Code  Gb  long_util.o [4]
?load32_l0_dbsp         0x008dc7         Code  Gb  long_util.o [4]
?load32_l0_xsp          0x008dce         Code  Gb  long_util.o [4]
?load32_xsp_l0          0x008dea         Code  Gb  long_util.o [4]
?mov_e0_e2              0x008ad6         Code  Gb  vreg_util.o [4]
?mov_e2_e0              0x008ae3         Code  Gb  vreg_util.o [4]
?mov_l0_l2              0x008ad3         Code  Gb  vreg_util.o [4]
?mov_l2_l0              0x008ae0         Code  Gb  vreg_util.o [4]
?mov_w1_w5              0x008ad9         Code  Gb  vreg_util.o [4]
?mov_w2_w1              0x008acc         Code  Gb  vreg_util.o [4]
?mov_w5_w1              0x008ae6         Code  Gb  vreg_util.o [4]
?move1616_v_x_y_a       0x0090e0         Code  Gb  move.o [4]
?pop_l0                 0x008a91         Code  Gb  vreg_util.o [4]
?pop_l2                 0x008a9c         Code  Gb  vreg_util.o [4]
?pop_l3                 0x008aa7         Code  Gb  vreg_util.o [4]
?pop_w4                 0x008a4f         Code  Gb  vreg_util.o [4]
?pop_w6                 0x008a56         Code  Gb  vreg_util.o [4]
?push_l0                0x008a65         Code  Gb  vreg_util.o [4]
?push_l2                0x008a6a         Code  Gb  vreg_util.o [4]
?push_l3                0x008a6f         Code  Gb  vreg_util.o [4]
?push_w4                0x008a32         Code  Gb  vreg_util.o [4]
?push_w6                0x008a37         Code  Gb  vreg_util.o [4]
?sll16_x_x_a            0x009111         Code  Gb  short.o [4]
?ucmp32_c_l0_0x         0x008cc9         Code  Gb  long.o [4]
?w0                     0x000000         Data  Gb  vregs.o [4]
?w1                     0x000002         Data  Gb  vregs.o [4]
?w2                     0x000004         Data  Gb  vregs.o [4]
?w3                     0x000006         Data  Gb  vregs.o [4]
?w4                     0x000008         Data  Gb  vregs.o [4]
?w5                     0x00000a         Data  Gb  vregs.o [4]
?w6                     0x00000c         Data  Gb  vregs.o [4]
?w7                     0x00000e         Data  Gb  vregs.o [4]
ADC1_IRQHandler()       0x00916f    0x1  Code  Gb  stm8s_it.o [1]
AWU_IRQHandler()        0x009161    0x1  Code  Gb  stm8s_it.o [1]
CEportSet(unsigned char)
                        0x0090ba   0x13  Code  Gb  main.o [1]
CLK_ClockSwitchConfig(CLK_SwitchMode_TypeDef, CLK_Source_TypeDef, FunctionalState, CLK_CurrentClockState_TypeDef)
                        0x0086cf  0x12d  Code  Gb  stm8s_clk.o [1]
CLK_DeInit()            0x008e76   0x36  Code  Gb  stm8s_clk.o [1]
CLK_HSIPrescalerConfig(CLK_Prescaler_TypeDef)
                        0x008cd9   0x3d  Code  Gb  stm8s_clk.o [1]
CLK_IRQHandler()        0x009162    0x1  Code  Gb  stm8s_it.o [1]
CSNportSet(unsigned char)
                        0x0090cd   0x13  Code  Gb  main.o [1]
CSTACK$$Base            0x000300          --   Gb  - Linker created -
CSTACK$$Limit           0x000400          --   Gb  - Linker created -
EEPROM_EEC_IRQHandler()
                        0x009171    0x1  Code  Gb  stm8s_it.o [1]
EXTI_PORTA_IRQHandler()
                        0x009163    0x1  Code  Gb  stm8s_it.o [1]
EXTI_PORTB_IRQHandler()
                        0x009164    0x1  Code  Gb  stm8s_it.o [1]
EXTI_PORTC_IRQHandler()
                        0x009165    0x1  Code  Gb  stm8s_it.o [1]
EXTI_PORTD_IRQHandler()
                        0x009166    0x1  Code  Gb  stm8s_it.o [1]
EXTI_PORTE_IRQHandler()
                        0x009167    0x1  Code  Gb  stm8s_it.o [1]
GPIO_Init(GPIO_struct __near *, GPIO_Pin_TypeDef, GPIO_Mode_TypeDef)
                        0x008922  0x110  Code  Gb  stm8s_gpio.o [1]
GPIO_WriteHigh(GPIO_struct __near *, GPIO_Pin_TypeDef)
                        0x009120    0x7  Code  Gb  stm8s_gpio.o [1]
GPIO_WriteLow(GPIO_struct __near *, GPIO_Pin_TypeDef)
                        0x009145    0x4  Code  Gb  stm8s_gpio.o [1]
GPIO_WriteReverse(GPIO_struct __near *, GPIO_Pin_TypeDef)
                        0x009127    0x7  Code  Gb  stm8s_gpio.o [1]
I2C_IRQHandler()        0x00916e    0x1  Code  Gb  stm8s_it.o [1]
INTVEC$$Base            0x008000          --   Gb  - Linker created -
INTVEC$$Limit           0x008080          --   Gb  - Linker created -
InitialiseSystemClock()
                        0x00907e   0x14  Code  Gb  main.o [1]
RF24::RF24(unsigned char)
                        0x00901b   0x1b  Code  Gb  RF24.o [1]
RF24::available()       0x008485    0x5  Code  Gb  RF24.o [1]
RF24::available(unsigned char __near *)
                        0x008457   0x2e  Code  Gb  RF24.o [1]
RF24::begin()           0x0082b7   0x7a  Code  Gb  RF24.o [1]
RF24::ce(bool)          0x00914c    0x3  Code  Gb  RF24.o [1]
RF24::csn(bool)         0x009149    0x3  Code  Gb  RF24.o [1]
RF24::flush_rx()        0x0081b8    0x5  Code  Gb  RF24.o [1]
RF24::flush_tx()        0x0081bd    0x5  Code  Gb  RF24.o [1]
RF24::get_status()      0x0081c2    0x5  Code  Gb  RF24.o [1]
RF24::openReadingPipe(unsigned char, unsigned char const __near *)
                        0x0084df   0x9e  Code  Gb  RF24.o [1]
RF24::openWritingPipe(unsigned char const __near *)
                        0x0084a2   0x3d  Code  Gb  RF24.o [1]
RF24::powerUp()         0x0081dc   0x2f  Code  Gb  RF24.o [1]
RF24::read(void __near *, unsigned char)
                        0x00848a   0x18  Code  Gb  RF24.o [1]
RF24::read_payload(void __near *, unsigned char)
                        0x00811c   0x76  Code  Gb  RF24.o [1]
RF24::read_register(unsigned char)
                        0x008edb   0x2d  Code  Gb  RF24.o [1]
RF24::setAutoAck(bool)  0x00857d   0x13  Code  Gb  RF24.o [1]
RF24::setCRCLength(rf24_crclength_e)
                        0x00820b   0x3e  Code  Gb  RF24.o [1]
RF24::setChannel(unsigned char)
                        0x0081c7   0x15  Code  Gb  RF24.o [1]
RF24::setDataRate(rf24_datarate_e)
                        0x008249   0x56  Code  Gb  RF24.o [1]
RF24::setPALevel(unsigned char)
                        0x008d8c   0x3b  Code  Gb  RF24.o [1]
RF24::setRetries(unsigned char, unsigned char)
                        0x00829f   0x18  Code  Gb  RF24.o [1]
RF24::spiTrans(unsigned char)
                        0x008192   0x26  Code  Gb  RF24.o [1]
RF24::startFastWrite(void const __near *, unsigned char, bool)
                        0x0083f4   0x24  Code  Gb  RF24.o [1]
RF24::startListening()  0x008331   0x52  Code  Gb  RF24.o [1]
RF24::stopListening()   0x008383   0x71  Code  Gb  RF24.o [1]
RF24::write(void const __near *, unsigned char)
                        0x008452    0x5  Code  Gb  RF24.o [1]
RF24::write(void const __near *, unsigned char, bool)
                        0x008418   0x3a  Code  Gb  RF24.o [1]
RF24::write_payload(void const __near *, unsigned char, unsigned char)
                        0x0080ac   0x70  Code  Gb  RF24.o [1]
RF24::write_register(unsigned char, unsigned char const __near *, unsigned char)
                        0x008c56   0x43  Code  Gb  RF24.o [1]
RF24::write_register(unsigned char, unsigned char)
                        0x008080   0x2c  Code  Gb  RF24.o [1]
Region$$Table$$Base     0x008f7f          --   Gb  - Linker created -
Region$$Table$$Limit    0x008f87          --   Gb  - Linker created -
SHT$$INIT_ARRAY$$Base   0x00915d          --   Gb  - Linker created -
SHT$$INIT_ARRAY$$Limit  0x00915f          --   Gb  - Linker created -
SHT$$PREINIT_ARRAY$$Base
                        0x00915d          --   Gb  - Linker created -
SHT$$PREINIT_ARRAY$$Limit
                        0x00915d          --   Gb  - Linker created -
SPICtrlPortInitial()    0x008f34   0x28  Code  Gb  main.o [1]
SPI_CalculateCRCCmd(FunctionalState)
                        0x008b24   0x2f  Code  Gb  stm8s_spi.o [1]
SPI_Cmd(FunctionalState)
                        0x008aed   0x2f  Code  Gb  stm8s_spi.o [1]
SPI_DeInit()            0x009069   0x15  Code  Gb  stm8s_spi.o [1]
SPI_GetFlagStatus(SPI_Flag_TypeDef)
                        0x008bac   0x56  Code  Gb  stm8s_spi.o [1]
SPI_IRQHandler()        0x009168    0x1  Code  Gb  stm8s_it.o [1]
SPI_Init(SPI_FirstBit_TypeDef, SPI_BaudRatePrescaler_TypeDef, SPI_Mode_TypeDef, SPI_ClockPolarity_TypeDef, SPI_ClockPhase_TypeDef, SPI_DataDirection_TypeDef, SPI_NSS_TypeDef, unsigned char)
                        0x008590  0x13f  Code  Gb  stm8s_spi.o [1]
SPI_ReceiveData()       0x008b20    0x4  Code  Gb  stm8s_spi.o [1]
SPI_SendData(unsigned char)
                        0x008b1c    0x4  Code  Gb  stm8s_spi.o [1]
SetupOutputPorts()      0x0090f9    0xc  Code  Gb  main.o [1]
SetupSPImode()          0x008f5c   0x23  Code  Gb  main.o [1]
SetupTimer2()           0x009050   0x19  Code  Gb  main.o [1]
TIM1_CAP_COM_IRQHandler()
                        0x00916a    0x1  Code  Gb  stm8s_it.o [1]
TIM1_UPD_OVF_TRG_BRK_IRQHandler()
                        0x009169    0x1  Code  Gb  stm8s_it.o [1]
TIM2_CAP_COM_IRQHandler()
                        0x00916b    0x1  Code  Gb  stm8s_it.o [1]
TIM2_Cmd(FunctionalState)
                        0x008eac   0x2f  Code  Gb  stm8s_tim2.o [1]
TIM2_DeInit()           0x008b53   0x59  Code  Gb  stm8s_tim2.o [1]
TIM2_ITConfig(TIM2_IT_TypeDef, FunctionalState)
                        0x008c02   0x54  Code  Gb  stm8s_tim2.o [1]
TIM2_TimeBaseInit(TIM2_Prescaler_TypeDef, unsigned short)
                        0x009105    0xc  Code  Gb  stm8s_tim2.o [1]
TIM2_UPD_OVF_BRK_IRQHandler()
                        0x009036   0x1a  Code  Gb  stm8s_it.o [1]
TIM4_UPD_OVF_IRQHandler()
                        0x009170    0x1  Code  Gb  stm8s_it.o [1]
TLI_IRQHandler()        0x009160    0x1  Code  Gb  stm8s_it.o [1]
TRAP_IRQHandler()       0x00915f    0x1  Code  Gb  stm8s_it.o [1]
TxSPIbyte(unsigned char)
                        0x008f08   0x2c  Code  Gb  main.o [1]
UART1_RX_IRQHandler()   0x00916d    0x1  Code  Gb  stm8s_it.o [1]
UART1_TX_IRQHandler()   0x00916c    0x1  Code  Gb  stm8s_it.o [1]
__DebugBreak            0x009172    0x1  Code  Gb  __dbg_break.o [3]
__call_ctors            0x008ffe   0x1d  Code  Gb  cppinit.o [4]
__exit                  0x0090a6   0x14  Code  Gb  __dbg_xxexit.o [3]
__iar_cstart_call_ctors
                        0x008fee         Code  Gb  cstartup.o [4]
__iar_data_init2        0x009092   0x14  Code  Gb  init.o [4]
__iar_program_start     0x008fe1         Code  Gb  cstartup.o [4]
__iar_unhandled_exception
                        0x009158         Code  Gb  unhandled_exception.o [4]
__iar_zero_init2        0x008fa6         Code  Gb  init_small.o [4]
__intvec                0x008000         Data  Gb  interrupt.o [4]
__low_level_init        0x009152    0x3  Code  Gb  low_level_init.o [4]
__sti__routine          0x009119    0x7  Code  Lc  main.o [1]
_exit                   0x009140         Code  Gb  cexit.o [4]
_interrupt_1            0x00915f         Code  Gb  stm8s_it.o [1]
_interrupt_12           0x009168         Code  Gb  stm8s_it.o [1]
_interrupt_13           0x009169         Code  Gb  stm8s_it.o [1]
_interrupt_14           0x00916a         Code  Gb  stm8s_it.o [1]
_interrupt_15           0x009036         Code  Gb  stm8s_it.o [1]
_interrupt_16           0x00916b         Code  Gb  stm8s_it.o [1]
_interrupt_19           0x00916c         Code  Gb  stm8s_it.o [1]
_interrupt_2            0x009160         Code  Gb  stm8s_it.o [1]
_interrupt_20           0x00916d         Code  Gb  stm8s_it.o [1]
_interrupt_21           0x00916e         Code  Gb  stm8s_it.o [1]
_interrupt_24           0x00916f         Code  Gb  stm8s_it.o [1]
_interrupt_25           0x009170         Code  Gb  stm8s_it.o [1]
_interrupt_26           0x009171         Code  Gb  stm8s_it.o [1]
_interrupt_3            0x009161         Code  Gb  stm8s_it.o [1]
_interrupt_4            0x009162         Code  Gb  stm8s_it.o [1]
_interrupt_5            0x009163         Code  Gb  stm8s_it.o [1]
_interrupt_6            0x009164         Code  Gb  stm8s_it.o [1]
_interrupt_7            0x009165         Code  Gb  stm8s_it.o [1]
_interrupt_8            0x009166         Code  Gb  stm8s_it.o [1]
_interrupt_9            0x009167         Code  Gb  stm8s_it.o [1]
assert_failed(unsigned char __near *, unsigned long)
                        0x00915b    0x2  Code  Gb  main.o [1]
child_payload_size      0x009134    0x6  Data  Lc  RF24.o [1]
child_pipe              0x00912e    0x6  Data  Lc  RF24.o [1]
child_pipe_enable       0x00913a    0x6  Data  Lc  RF24.o [1]
delay(unsigned long)    0x008fc4   0x1d  Code  Gb  main.o [1]
elpstend                0x00001e    0x4  Data  Gb  main.o [1]
elpstime                0x00001a    0x4  Data  Gb  main.o [1]
exit                    0x009155    0x3  Code  Gb  exit.o [4]
main                    0x0087fc  0x126  Code  Gb  main.o [1]
memcpy                  0x008f87   0x1f  Code  Gb  memcpy.o [4]
radio                   0x000010    0xa  Data  Gb  main.o [1]


[1] = D:\Hoc\STM\STM8\Projects\NRF24L01_STD_Lib\Debug\Obj
[2] = command line
[3] = dbgstm8smd.a
[4] = dlstm8smn.a

  4 065 bytes of readonly  code memory
    402 bytes of readonly  data memory
    290 bytes of readwrite data memory

Errors: none
Warnings: none
